/home/belldem/Escritorio/SmileHubAPP/src/main/java/edu/unl/cc/smilehub/business/SecurityFacade.java
/home/belldem/Escritorio/SmileHubAPP/src/main/java/edu/unl/cc/smilehub/business/UserRepository.java
/home/belldem/Escritorio/SmileHubAPP/src/main/java/edu/unl/cc/smilehub/business/medical/MedicalService.java
/home/belldem/Escritorio/SmileHubAPP/src/main/java/edu/unl/cc/smilehub/domain/AgendaCita.java
/home/belldem/Escritorio/SmileHubAPP/src/main/java/edu/unl/cc/smilehub/domain/AtencionMedica.java
/home/belldem/Escritorio/SmileHubAPP/src/main/java/edu/unl/cc/smilehub/domain/Cita.java
/home/belldem/Escritorio/SmileHubAPP/src/main/java/edu/unl/cc/smilehub/domain/ComprobantePago.java
/home/belldem/Escritorio/SmileHubAPP/src/main/java/edu/unl/cc/smilehub/domain/Doctor.java
/home/belldem/Escritorio/SmileHubAPP/src/main/java/edu/unl/cc/smilehub/domain/EstadoCita.java
/home/belldem/Escritorio/SmileHubAPP/src/main/java/edu/unl/cc/smilehub/domain/Gmail.java
/home/belldem/Escritorio/SmileHubAPP/src/main/java/edu/unl/cc/smilehub/domain/ItemComprobante.java
/home/belldem/Escritorio/SmileHubAPP/src/main/java/edu/unl/cc/smilehub/domain/Paciente.java
/home/belldem/Escritorio/SmileHubAPP/src/main/java/edu/unl/cc/smilehub/domain/TipoAtencion.java
/home/belldem/Escritorio/SmileHubAPP/src/main/java/edu/unl/cc/smilehub/domain/admin/Rol.java
/home/belldem/Escritorio/SmileHubAPP/src/main/java/edu/unl/cc/smilehub/domain/admin/TipoIdentificacion.java
/home/belldem/Escritorio/SmileHubAPP/src/main/java/edu/unl/cc/smilehub/domain/admin/TipoRol.java
/home/belldem/Escritorio/SmileHubAPP/src/main/java/edu/unl/cc/smilehub/domain/admin/Usuario.java
/home/belldem/Escritorio/SmileHubAPP/src/main/java/edu/unl/cc/smilehub/exception/AlreadyEntityException.java
/home/belldem/Escritorio/SmileHubAPP/src/main/java/edu/unl/cc/smilehub/exception/CredentialInvalidException.java
/home/belldem/Escritorio/SmileHubAPP/src/main/java/edu/unl/cc/smilehub/exception/EncryptorException.java
/home/belldem/Escritorio/SmileHubAPP/src/main/java/edu/unl/cc/smilehub/exception/EntityNotFoundException.java
/home/belldem/Escritorio/SmileHubAPP/src/main/java/edu/unl/cc/smilehub/faces/CrudGenericService.java
/home/belldem/Escritorio/SmileHubAPP/src/main/java/edu/unl/cc/smilehub/faces/FacesUtil.java
/home/belldem/Escritorio/SmileHubAPP/src/main/java/edu/unl/cc/smilehub/jakarta/hello/Hello.java
/home/belldem/Escritorio/SmileHubAPP/src/main/java/edu/unl/cc/smilehub/jakarta/hello/HelloApplication.java
/home/belldem/Escritorio/SmileHubAPP/src/main/java/edu/unl/cc/smilehub/jakarta/hello/HelloWorldResource.java
/home/belldem/Escritorio/SmileHubAPP/src/main/java/edu/unl/cc/smilehub/liberty/config/EntityManagerProducer.java
/home/belldem/Escritorio/SmileHubAPP/src/main/java/edu/unl/cc/smilehub/view/AgendaCitaController.java
/home/belldem/Escritorio/SmileHubAPP/src/main/java/edu/unl/cc/smilehub/view/EjecutorSmileHub.java
/home/belldem/Escritorio/SmileHubAPP/src/main/java/edu/unl/cc/smilehub/view/security/AuthenticationController.java
/home/belldem/Escritorio/SmileHubAPP/src/main/java/edu/unl/cc/smilehub/view/security/CitaController.java
/home/belldem/Escritorio/SmileHubAPP/src/main/java/edu/unl/cc/smilehub/view/security/DashboardController.java
/home/belldem/Escritorio/SmileHubAPP/src/main/java/edu/unl/cc/smilehub/view/security/EntityConverter.java
/home/belldem/Escritorio/SmileHubAPP/src/main/java/edu/unl/cc/smilehub/view/security/UserSession.java
