edu/unl/cc/smilehub/exception/EntityNotFoundException.class
edu/unl/cc/smilehub/jakarta/hello/HelloApplication.class
edu/unl/cc/smilehub/view/AgendaCitaController.class
edu/unl/cc/smilehub/exception/CredentialInvalidException.class
edu/unl/cc/smilehub/business/UserRepository.class
edu/unl/cc/smilehub/view/security/EntityConverter.class
edu/unl/cc/smilehub/domain/admin/Rol.class
edu/unl/cc/smilehub/domain/Doctor.class
edu/unl/cc/smilehub/domain/TipoAtencion.class
edu/unl/cc/smilehub/faces/FacesUtil.class
edu/unl/cc/smilehub/domain/AtencionMedica.class
edu/unl/cc/smilehub/domain/AgendaCita.class
edu/unl/cc/smilehub/jakarta/hello/HelloWorldResource.class
edu/unl/cc/smilehub/domain/ComprobantePago.class
edu/unl/cc/smilehub/view/security/DashboardController.class
edu/unl/cc/smilehub/view/EjecutorSmileHub.class
edu/unl/cc/smilehub/liberty/config/EntityManagerProducer.class
edu/unl/cc/smilehub/domain/EstadoCita.class
edu/unl/cc/smilehub/view/security/UserSession.class
edu/unl/cc/smilehub/domain/ItemComprobante.class
edu/unl/cc/smilehub/faces/CrudGenericService.class
edu/unl/cc/smilehub/jakarta/hello/Hello.class
edu/unl/cc/smilehub/domain/admin/Usuario.class
edu/unl/cc/smilehub/business/medical/MedicalService.class
edu/unl/cc/smilehub/exception/EncryptorException.class
edu/unl/cc/smilehub/exception/AlreadyEntityException.class
edu/unl/cc/smilehub/view/security/AuthenticationController.class
edu/unl/cc/smilehub/domain/admin/TipoIdentificacion.class
edu/unl/cc/smilehub/domain/Gmail.class
edu/unl/cc/smilehub/domain/Paciente.class
edu/unl/cc/smilehub/business/SecurityFacade.class
edu/unl/cc/smilehub/domain/Cita.class
edu/unl/cc/smilehub/domain/admin/TipoRol.class
edu/unl/cc/smilehub/view/security/CitaController.class
